// Vitest Snapshot v1, https://vitest.dev/guide/snapshot.html

exports[`Event document contains all created actions 1`] = `
{
  "actions": [
    {
      "createdAt": "[sanitized]",
      "createdAtLocation": "[sanitized]",
      "createdBy": "[sanitized]",
      "createdByRole": "REGISTRATION_AGENT",
      "createdBySignature": "/random-bucket/47f6b2e2-e69e-4401-92d8-35617de8137b.png",
      "createdByUserType": "[sanitized]",
      "declaration": {},
      "id": "[sanitized]",
      "status": "Accepted",
      "transactionId": "[sanitized]",
      "type": "CREATE",
    },
    {
      "assignedTo": "[sanitized]",
      "createdAt": "[sanitized]",
      "createdAtLocation": "[sanitized]",
      "createdBy": "[sanitized]",
      "createdByRole": "REGISTRATION_AGENT",
      "createdBySignature": "/random-bucket/47f6b2e2-e69e-4401-92d8-35617de8137b.png",
      "createdByUserType": "[sanitized]",
      "declaration": {},
      "id": "[sanitized]",
      "status": "Accepted",
      "transactionId": "[sanitized]",
      "type": "ASSIGN",
    },
    {
      "annotation": {
        "review.comment": "review.comment-TEXTAREA-0",
        "review.signature": {
          "filename": "4f095fc4-4312-4de2-aa38-86dcc0f71044.png",
          "originalFilename": "abcd.png",
          "type": "image/png",
        },
      },
      "createdAt": "[sanitized]",
      "createdAtLocation": "[sanitized]",
      "createdBy": "[sanitized]",
      "createdByRole": "REGISTRATION_AGENT",
      "createdBySignature": "/random-bucket/47f6b2e2-e69e-4401-92d8-35617de8137b.png",
      "createdByUserType": "[sanitized]",
      "declaration": {
        "applicant.address": {
          "addressType": "DOMESTIC",
          "country": "FAR",
          "district": "5ef450bc-712d-48ad-93f3-8da0fa453baa",
          "number": "55",
          "province": "a45b982a-5c7b-4bd9-8fd8-a42d0994054c",
          "residentialArea": "Example Residential Area",
          "street": "Example Street",
          "town": "Example Town",
          "urbanOrRural": "URBAN",
          "zipCode": "123456",
        },
        "applicant.age": 19,
        "applicant.dobUnknown": true,
        "applicant.email": "test@opencrvs.org",
        "applicant.image": {
          "filename": "4f095fc4-4312-4de2-aa38-86dcc0f71044.png",
          "originalFilename": "abcd.png",
          "type": "image/png",
        },
        "applicant.name": {
          "firstname": "Sara",
          "surname": "Sarajanen",
        },
        "recommender.none": true,
      },
      "eventId": "[sanitized]",
      "id": "[sanitized]",
      "status": "Accepted",
      "transactionId": "[sanitized]",
      "type": "DECLARE",
    },
    {
      "assignedTo": "[sanitized]",
      "createdAt": "[sanitized]",
      "createdAtLocation": "[sanitized]",
      "createdBy": "[sanitized]",
      "createdByRole": "REGISTRATION_AGENT",
      "createdBySignature": "/random-bucket/47f6b2e2-e69e-4401-92d8-35617de8137b.png",
      "createdByUserType": "[sanitized]",
      "declaration": {},
      "id": "[sanitized]",
      "status": "Accepted",
      "transactionId": "[sanitized]",
      "type": "UNASSIGN",
    },
    {
      "assignedTo": "[sanitized]",
      "createdAt": "[sanitized]",
      "createdAtLocation": "[sanitized]",
      "createdBy": "[sanitized]",
      "createdByRole": "REGISTRATION_AGENT",
      "createdBySignature": "/random-bucket/47f6b2e2-e69e-4401-92d8-35617de8137b.png",
      "createdByUserType": "[sanitized]",
      "declaration": {},
      "eventId": "[sanitized]",
      "id": "[sanitized]",
      "status": "Accepted",
      "transactionId": "[sanitized]",
      "type": "ASSIGN",
    },
    {
      "annotation": {
        "review.comment": "review.comment-TEXTAREA-0",
        "review.signature": {
          "filename": "4f095fc4-4312-4de2-aa38-86dcc0f71044.png",
          "originalFilename": "abcd.png",
          "type": "image/png",
        },
      },
      "createdAt": "[sanitized]",
      "createdAtLocation": "[sanitized]",
      "createdBy": "[sanitized]",
      "createdByRole": "REGISTRATION_AGENT",
      "createdBySignature": "/random-bucket/47f6b2e2-e69e-4401-92d8-35617de8137b.png",
      "createdByUserType": "[sanitized]",
      "declaration": {
        "applicant.address": {
          "addressType": "DOMESTIC",
          "country": "FAR",
          "district": "5ef450bc-712d-48ad-93f3-8da0fa453baa",
          "number": "55",
          "province": "a45b982a-5c7b-4bd9-8fd8-a42d0994054c",
          "residentialArea": "Example Residential Area",
          "street": "Example Street",
          "town": "Example Town",
          "urbanOrRural": "URBAN",
          "zipCode": "123456",
        },
        "applicant.age": 19,
        "applicant.dobUnknown": true,
        "applicant.email": "test@opencrvs.org",
        "applicant.image": {
          "filename": "4f095fc4-4312-4de2-aa38-86dcc0f71044.png",
          "originalFilename": "abcd.png",
          "type": "image/png",
        },
        "applicant.name": {
          "firstname": "Sarachella",
          "surname": "Smith",
        },
        "recommender.none": true,
      },
      "duplicates": [],
      "eventId": "[sanitized]",
      "id": "[sanitized]",
      "status": "Accepted",
      "transactionId": "[sanitized]",
      "type": "VALIDATE",
    },
    {
      "assignedTo": "[sanitized]",
      "createdAt": "[sanitized]",
      "createdAtLocation": "[sanitized]",
      "createdBy": "[sanitized]",
      "createdByRole": "REGISTRATION_AGENT",
      "createdBySignature": "/random-bucket/47f6b2e2-e69e-4401-92d8-35617de8137b.png",
      "createdByUserType": "[sanitized]",
      "declaration": {},
      "id": "[sanitized]",
      "status": "Accepted",
      "transactionId": "[sanitized]",
      "type": "UNASSIGN",
    },
    {
      "assignedTo": "[sanitized]",
      "createdAt": "[sanitized]",
      "createdAtLocation": "[sanitized]",
      "createdBy": "[sanitized]",
      "createdByRole": "REGISTRATION_AGENT",
      "createdBySignature": "/random-bucket/47f6b2e2-e69e-4401-92d8-35617de8137b.png",
      "createdByUserType": "[sanitized]",
      "declaration": {},
      "eventId": "[sanitized]",
      "id": "[sanitized]",
      "status": "Accepted",
      "transactionId": "[sanitized]",
      "type": "ASSIGN",
    },
    {
      "annotation": {
        "review.comment": "review.comment-TEXTAREA-0",
        "review.signature": {
          "filename": "4f095fc4-4312-4de2-aa38-86dcc0f71044.png",
          "originalFilename": "abcd.png",
          "type": "image/png",
        },
      },
      "createdAt": "[sanitized]",
      "createdAtLocation": "[sanitized]",
      "createdBy": "[sanitized]",
      "createdByRole": "REGISTRATION_AGENT",
      "createdBySignature": "/random-bucket/47f6b2e2-e69e-4401-92d8-35617de8137b.png",
      "createdByUserType": "[sanitized]",
      "declaration": {
        "applicant.address": {
          "addressType": "DOMESTIC",
          "country": "FAR",
          "district": "5ef450bc-712d-48ad-93f3-8da0fa453baa",
          "number": "55",
          "province": "a45b982a-5c7b-4bd9-8fd8-a42d0994054c",
          "residentialArea": "Example Residential Area",
          "street": "Example Street",
          "town": "Example Town",
          "urbanOrRural": "URBAN",
          "zipCode": "123456",
        },
        "applicant.age": 19,
        "applicant.dobUnknown": true,
        "applicant.email": "test@opencrvs.org",
        "applicant.image": {
          "filename": "4f095fc4-4312-4de2-aa38-86dcc0f71044.png",
          "originalFilename": "abcd.png",
          "type": "image/png",
        },
        "applicant.name": {
          "firstname": "Michael",
          "surname": "Johnson",
        },
        "recommender.none": true,
      },
      "eventId": "[sanitized]",
      "id": "[sanitized]",
      "registrationNumber": "1234567890AB",
      "status": "Accepted",
      "transactionId": "[sanitized]",
      "type": "REGISTER",
    },
    {
      "assignedTo": "[sanitized]",
      "createdAt": "[sanitized]",
      "createdAtLocation": "[sanitized]",
      "createdBy": "[sanitized]",
      "createdByRole": "REGISTRATION_AGENT",
      "createdBySignature": "/random-bucket/47f6b2e2-e69e-4401-92d8-35617de8137b.png",
      "createdByUserType": "[sanitized]",
      "declaration": {},
      "id": "[sanitized]",
      "status": "Accepted",
      "transactionId": "[sanitized]",
      "type": "UNASSIGN",
    },
    {
      "createdAt": "[sanitized]",
      "createdAtLocation": "[sanitized]",
      "createdBy": "[sanitized]",
      "createdByRole": "REGISTRATION_AGENT",
      "createdBySignature": "/random-bucket/47f6b2e2-e69e-4401-92d8-35617de8137b.png",
      "createdByUserType": "[sanitized]",
      "declaration": {},
      "eventId": "[sanitized]",
      "id": "[sanitized]",
      "status": "Accepted",
      "transactionId": "[sanitized]",
      "type": "READ",
    },
  ],
  "createdAt": "[sanitized]",
  "id": "[sanitized]",
  "trackingId": "[sanitized]",
  "transactionId": "[sanitized]",
  "type": "tennis-club-membership",
  "updatedAt": "[sanitized]",
}
`;

exports[`partial declaration update accounts for conditional field values not in payload 1`] = `
{
  "applicant.address": {
    "addressType": "DOMESTIC",
    "country": "FAR",
    "district": "5ef450bc-712d-48ad-93f3-8da0fa453baa",
    "number": "55",
    "province": "a45b982a-5c7b-4bd9-8fd8-a42d0994054c",
    "residentialArea": "Example Residential Area",
    "street": "Example Street",
    "town": "Example Town",
    "urbanOrRural": "URBAN",
    "zipCode": "123456",
  },
  "applicant.age": 25,
  "applicant.dobUnknown": true,
  "applicant.email": "test@opencrvs.org",
  "applicant.image": {
    "filename": "4f095fc4-4312-4de2-aa38-86dcc0f71044.png",
    "originalFilename": "abcd.png",
    "type": "image/png",
  },
  "applicant.name": {
    "firstname": "Sara",
    "surname": "Sarajanen",
  },
  "recommender.none": true,
}
`;
