// Vitest Snapshot v1, https://vitest.dev/guide/snapshot.html

exports[`Has validation errors when required VERIFICATION page fields are missing 1`] = `[TRPCError: [{"message":"Verification page result is required","id":"collector.identity.verify"}]]`;

exports[`when mandatory field is invalid, conditional hidden fields are still skipped 1`] = `[TRPCError: [{"message":"Required for registration","id":"collector.requesterId"}]]`;
