// Vitest Snapshot v1, https://vitest.dev/guide/snapshot.html

exports[`Prevents adding birth date in future 1`] = `[TRPCError: [{"message":"Please enter a valid date","id":"applicant.dob","value":"2040-02-01"}]]`;

exports[`Validation error message contains all the offending fields 1`] = `[TRPCError: [{"message":"Required","id":"applicant.name"},{"message":"Invalid date field","id":"applicant.dob","value":"02-02"},{"message":"Please enter a valid date","id":"applicant.dob","value":"02-02"},{"message":"Required","id":"applicant.address"}]]`;

exports[`gives validation error when a conditional page, which is visible, has a required field 1`] = `[TRPCError: [{"message":"Required","id":"senior-pass.id"}]]`;

exports[`validation prevents including hidden fields 1`] = `[TRPCError: [{"message":"Hidden or disabled field should not receive a value","id":"recommender.firstname","value":"this should not be here"}]]`;

exports[`when mandatory field is invalid, conditional hidden fields are still skipped 1`] = `[TRPCError: [{"message":"Invalid date field","id":"applicant.dob","value":"02-1-2024"},{"message":"Please enter a valid date","id":"applicant.dob","value":"02-1-2024"}]]`;
