// Vitest Snapshot v1, https://vitest.dev/guide/snapshot.html

exports[`should return 404 if event does not exist 1`] = `[TRPCError: Event not found with ID: some event]`;
