// Vitest Snapshot v1, https://vitest.dev/guide/snapshot.html

exports[`Should add an ASSIGN action when last action is not ASSIGN 1`] = `
{
  "actions": [
    {
      "createdAt": "[sanitized]",
      "createdAtLocation": "[sanitized]",
      "createdBy": "[sanitized]",
      "createdByRole": "REGISTRATION_AGENT",
      "createdBySignature": "/random-bucket/47f6b2e2-e69e-4401-92d8-35617de8137b.png",
      "declaration": {},
      "id": "[sanitized]",
      "status": "Accepted",
      "transactionId": "[sanitized]",
      "type": "CREATE",
    },
    {
      "assignedTo": "[sanitized]",
      "createdAt": "[sanitized]",
      "createdAtLocation": "[sanitized]",
      "createdBy": "[sanitized]",
      "createdByRole": "REGISTRATION_AGENT",
      "createdBySignature": "/random-bucket/47f6b2e2-e69e-4401-92d8-35617de8137b.png",
      "declaration": {},
      "id": "[sanitized]",
      "status": "Accepted",
      "transactionId": "[sanitized]",
      "type": "ASSIGN",
    },
    {
      "assignedTo": "[sanitized]",
      "createdAt": "[sanitized]",
      "createdAtLocation": "[sanitized]",
      "createdBy": "[sanitized]",
      "createdByRole": "REGISTRATION_AGENT",
      "createdBySignature": "/random-bucket/47f6b2e2-e69e-4401-92d8-35617de8137b.png",
      "declaration": {},
      "eventId": "[sanitized]",
      "id": "[sanitized]",
      "status": "Accepted",
      "transactionId": "[sanitized]",
      "type": "UNASSIGN",
    },
    {
      "assignedTo": "[sanitized]",
      "createdAt": "[sanitized]",
      "createdAtLocation": "[sanitized]",
      "createdBy": "[sanitized]",
      "createdByRole": "REGISTRATION_AGENT",
      "createdBySignature": "/random-bucket/47f6b2e2-e69e-4401-92d8-35617de8137b.png",
      "declaration": {},
      "eventId": "[sanitized]",
      "id": "[sanitized]",
      "status": "Accepted",
      "transactionId": "[sanitized]",
      "type": "ASSIGN",
    },
  ],
  "createdAt": "[sanitized]",
  "id": "[sanitized]",
  "trackingId": "[sanitized]",
  "transactionId": "[sanitized]",
  "type": "tennis-club-membership",
  "updatedAt": "[sanitized]",
}
`;
