// Vitest Snapshot v1, https://vitest.dev/guide/snapshot.html

exports[`REQUEST_CORRECTION Prevents adding birth date in future 1`] = `[TRPCError: [{"message":"Please enter a valid date","id":"applicant.dob","value":"2040-02-01"}]]`;

exports[`REQUEST_CORRECTION prevents correcting a field which is configured as uncorrectable: true 1`] = `[TRPCError: [{"message":"Correction not allowed for field","id":"applicant.email","value":"john.doe@example.com"}]]`;

exports[`REQUEST_CORRECTION validation error message contains all the offending fields 1`] = `[TRPCError: [{"message":"Invalid date field","id":"applicant.dob","value":"02-02"},{"message":"Please enter a valid date","id":"applicant.dob","value":"02-02"}]]`;

exports[`REQUEST_CORRECTION when mandatory field is invalid, conditional hidden fields are still skipped 1`] = `[TRPCError: [{"message":"Invalid date field","id":"applicant.dob","value":"02-1-2024"},{"message":"Please enter a valid date","id":"applicant.dob","value":"02-1-2024"}]]`;
