// Vitest Snapshot v1, https://vitest.dev/guide/snapshot.html

exports[`Prevents updating event with unknown type 1`] = `[TRPCError: Invalid event type EVENT_TYPE_THAT_DOES_NOT_EXIST. Valid event types are: tennis-club-membership, tennis-club-membership_PREMIUM]`;
