// Vitest Snapshot v1, https://vitest.dev/guide/snapshot.html

exports[`Prevents sending empty payload 1`] = `
[TRPCError: [
  {
    "code": "too_small",
    "minimum": 1,
    "type": "array",
    "inclusive": true,
    "exact": false,
    "message": "Array must contain at least 1 element(s)",
    "path": []
  }
]]
`;

exports[`prevents forbidden access if missing required scope 1`] = `[TRPCError: FORBIDDEN]`;
